// Jest Snapshot v1, https://goo.gl/fbAQLP

exports[`components/compass/menu/LabelCommon should match snapshot 1`] = `
<div
  className="Label__wrapper"
>
  <span
    className="Label Label___small"
  >
    text
  </span>
</div>
`;
